
> snarbles-token-platform@0.1.0 build
> next build

   ▲ Next.js 15.3.5
   - Experiments (use with caution):
     ✓ forceSwcTransforms

   Creating an optimized production build ...
 ✓ Compiled successfully in 56s
   Skipping linting
   Checking validity of types ...
   Collecting page data ...
   Generating static pages (0/26) ...
 ⚠ metadataBase property in metadata export is not set for resolving social open graph or twitter images, using "http://localhost:3000". See https://nextjs.org/docs/app/api-reference/functions/generate-metadata#metadatabase
 ⚠ metadataBase property in metadata export is not set for resolving social open graph or twitter images, using "http://localhost:3000". See https://nextjs.org/docs/app/api-reference/functions/generate-metadata#metadatabase
⚠️ Supabase not configured. Using Filebase S3 or fallback methods.
⚠️ Filebase S3 not configured. Using fallback storage methods.
bigint: Failed to load bindings, pure JS will be used (try npm run rebuild?)
⚠️ Supabase not configured. Using Filebase S3 or fallback methods.
⚠️ Filebase S3 not configured. Using fallback storage methods.
bigint: Failed to load bindings, pure JS will be used (try npm run rebuild?)
   Generating static pages (6/26) 
   Generating static pages (12/26) 
   Generating static pages (19/26) 
 ✓ Generating static pages (26/26)
   Finalizing page optimization ...
   Collecting build traces ...
   Exporting (0/3) ...
 ⚠ metadataBase property in metadata export is not set for resolving social open graph or twitter images, using "http://localhost:3000". See https://nextjs.org/docs/app/api-reference/functions/generate-metadata#metadatabase
 ✓ Exporting (3/3)

Route (app)                                 Size  First Load JS
┌ ○ /                                    12.5 kB         125 kB
├ ○ /_not-found                            141 B         103 kB
├ ○ /about                                 177 B         106 kB
├ ○ /admin                               19.3 kB         516 kB
├ ○ /affiliates                          6.91 kB         109 kB
├ ○ /contact                             7.99 kB         116 kB
├ ○ /create                              40.5 kB         588 kB
├ ○ /credits                             14.4 kB         371 kB
├ ○ /dashboard                           4.53 kB         345 kB
├ ○ /dashboard/algorand                  6.11 kB         347 kB
├ ○ /dashboard/algorand/analytics        4.33 kB         345 kB
├ ○ /dashboard/algorand/assets           11.4 kB         365 kB
├ ○ /dashboard/solana                    92.3 kB         739 kB
├ ○ /dashboard/solana/analytics          6.41 kB         112 kB
├ ○ /dashboard/solana/tokens             13.7 kB         151 kB
├ ○ /enterprise                          8.52 kB         140 kB
├ ○ /mobile-test                         9.27 kB         366 kB
├ ○ /profile                             3.96 kB         345 kB
├ ○ /revenue                             10.5 kB         222 kB
├ ○ /support                             6.15 kB         118 kB
├ ○ /test-algo-mainnet                   5.36 kB         343 kB
├ ○ /token-confirmation                  3.03 kB         109 kB
├ ○ /tokenomics                           128 kB         341 kB
└ ○ /verify                              13.6 kB         543 kB
+ First Load JS shared by all             102 kB
  ├ chunks/1684-28f4171921068d82.js      46.5 kB
  ├ chunks/4bd1b696-5fce399e082a9bbb.js  53.2 kB
  └ other shared chunks (total)          2.81 kB


○  (Static)  prerendered as static content

